// Jest Snapshot v1, https://goo.gl/fbAQLP

exports[`FunctionalComponent should render correctly 1`] = `ReactWrapper {}`;
